// Jest Snapshot v1, https://goo.gl/fbAQLP

exports[`renders the component 1`] = `
<div>
  <Header />
  <WithStyles(ForwardRef(Container))
    className="body-container"
    maxWidth="md"
  >
    <div />
  </WithStyles(ForwardRef(Container))>
</div>
`;
